  #Not ( #Not ( {
      X
    #Equals
      2
    } )
  #And
    {
      X:Int in_keys ( M
      N )
    #Equals
      false
    }
  #And
    {
      false
    #Equals
      2 in_keys ( M )
    }
  #And
    {
      false
    #Equals
      2 in_keys ( N )
    } )
#And
  <T>
    <k>
      added
    </k>
    <a>
      2 |-> 3
      M
      N
      X:Int |-> 3
    </a>
  </T>
#And
  {
    2 in_keys ( M
    N )
  #Equals
    false
  }
