<k>
  AA ( ConfigVarX ) ~> ConfigVarDotVar1 ~> .
</k>
