    #Not ( #Exists I . {
      Some I
    #Equals
      f ( )
    } )
  #And
    #Not ( {
      None
    #Equals
      f ( )
    } )
  #And
    <k>
      f ( ) ~> .
    </k>
#Or
    <k>
      I:Int ~> .
    </k>
  #And
    {
      Some I
    #Equals
      f ( )
    }
#Or
    <k>
      true ~> .
    </k>
  #And
    {
      None
    #Equals
      f ( )
    }
