Kore (0)> ProveSteps 1
    #Top
  #And
    <k>
      evaluated ~> _DotVar1 ~> .
    </k>
#Implies
  #wAF ( <k>
    f ( c ) ~> _DotVar1 ~> .
  </k> )
